[1/200] sparse_n8_t25_s0
[2/200] sparse_n8_t25_s2
[3/200] sparse_n8_t25_s4
[4/200] sparse_n8_t50_s1
[5/200] sparse_n8_t50_s0
[6/200] sparse_n8_t25_s1
[7/200] sparse_n8_t25_s3
[8/200] sparse_n8_t50_s4
[9/200] sparse_n8_t50_s2
[10/200] sparse_n8_t50_s3
[11/200] sparse_n12_t25_s1
[12/200] sparse_n12_t25_s3
[13/200] sparse_n12_t25_s2
[14/200] sparse_n12_t25_s0
[15/200] sparse_n12_t25_s4
[16/200] sparse_n12_t50_s0
[17/200] sparse_n12_t50_s1
[18/200] sparse_n12_t50_s2
[19/200] sparse_n12_t50_s3
[20/200] sparse_n12_t50_s4
[21/200] sparse_n16_t25_s0
[22/200] sparse_n16_t25_s1
[23/200] sparse_n16_t25_s2
[24/200] sparse_n16_t25_s4
[25/200] sparse_n16_t25_s3
[26/200] sparse_n16_t50_s0
[27/200] sparse_n16_t50_s1
[28/200] sparse_n16_t50_s2
[29/200] sparse_n16_t50_s3
[30/200] sparse_n16_t50_s4
[31/200] sparse_n20_t25_s0
[32/200] sparse_n20_t25_s2
[33/200] sparse_n20_t25_s3
[34/200] sparse_n20_t25_s1
[35/200] sparse_n20_t25_s4
[36/200] sparse_n20_t50_s0
[37/200] sparse_n20_t50_s1
[38/200] er30_n8_t25_s0
[39/200] er30_n8_t25_s1
[40/200] sparse_n20_t50_s3
[41/200] sparse_n20_t50_s2
[42/200] sparse_n20_t50_s4
[43/200] er30_n8_t25_s2
[44/200] er30_n8_t25_s3
[45/200] er30_n8_t50_s1
[46/200] er30_n8_t50_s0
[47/200] er30_n8_t25_s4
[48/200] er30_n8_t50_s2
[49/200] er30_n8_t50_s3
[50/200] er30_n8_t50_s4
[51/200] er30_n12_t25_s0
[52/200] er30_n12_t25_s1
[53/200] er30_n12_t25_s2
[54/200] er30_n12_t25_s4
[55/200] er30_n12_t25_s3
[56/200] er30_n12_t50_s0
[57/200] er30_n12_t50_s1
[58/200] er30_n12_t50_s2
[59/200] er30_n12_t50_s3
[60/200] er30_n12_t50_s4
[61/200] er30_n16_t25_s0
[62/200] er30_n16_t25_s1
[63/200] er30_n16_t25_s2
[64/200] er30_n16_t25_s3
[65/200] er30_n16_t25_s4
[66/200] er30_n16_t50_s1
[67/200] er30_n16_t50_s0
[68/200] er30_n16_t50_s2
[69/200] er30_n16_t50_s3
[70/200] er30_n16_t50_s4
[71/200] er30_n20_t25_s0
[72/200] er30_n20_t25_s1
[73/200] er30_n20_t25_s3
[74/200] er30_n20_t25_s2
[75/200] er30_n20_t50_s0
[76/200] er30_n20_t25_s4
[77/200] er30_n20_t50_s1
[78/200] er60_n8_t25_s0
[79/200] er60_n8_t25_s1
[80/200] er30_n20_t50_s2
[81/200] er60_n8_t25_s2
[82/200] er30_n20_t50_s4
[83/200] er30_n20_t50_s3
[84/200] er60_n8_t25_s3
[85/200] er60_n8_t25_s4
[86/200] er60_n8_t50_s0
[87/200] er60_n8_t50_s1
[88/200] er60_n8_t50_s3
[89/200] er60_n8_t50_s2
[90/200] er60_n8_t50_s4
[91/200] er60_n12_t25_s0
[92/200] er60_n12_t25_s1
[93/200] er60_n12_t25_s2
[94/200] er60_n12_t25_s3
[95/200] er60_n12_t25_s4
[96/200] er60_n12_t50_s0
[97/200] er60_n12_t50_s1
[98/200] er60_n12_t50_s2
[99/200] er60_n12_t50_s3
[100/200] er60_n12_t50_s4
[101/200] er60_n16_t25_s0
[102/200] er60_n16_t25_s2
[103/200] er60_n16_t25_s1
[104/200] er60_n16_t25_s3
[105/200] er60_n16_t25_s4
[106/200] er60_n16_t50_s0
[107/200] er60_n16_t50_s1
[108/200] er60_n16_t50_s3
[109/200] er60_n16_t50_s4
[110/200] er60_n16_t50_s2
[111/200] er60_n20_t25_s0
[112/200] er60_n20_t25_s1
[113/200] er60_n20_t25_s2
[114/200] er60_n20_t25_s3
[115/200] er60_n20_t50_s0
[116/200] er60_n20_t50_s1
[117/200] er60_n20_t25_s4
[118/200] er60_n20_t50_s2
[119/200] er60_n20_t50_s3
[120/200] geo_knn4_n8_t25_s0
[121/200] geo_knn4_n8_t25_s1
[122/200] geo_knn4_n8_t25_s2
[123/200] geo_knn4_n8_t25_s3
[124/200] er60_n20_t50_s4
[125/200] geo_knn4_n8_t25_s4
[126/200] geo_knn4_n8_t50_s0
[127/200] geo_knn4_n8_t50_s1
[128/200] geo_knn4_n8_t50_s2
[129/200] geo_knn4_n8_t50_s3
[130/200] geo_knn4_n8_t50_s4
[131/200] geo_knn4_n12_t25_s0
[132/200] geo_knn4_n12_t25_s1
[133/200] geo_knn4_n12_t25_s2
[134/200] geo_knn4_n12_t25_s3
[135/200] geo_knn4_n12_t25_s4
[136/200] geo_knn4_n12_t50_s0
[137/200] geo_knn4_n12_t50_s1
[138/200] geo_knn4_n12_t50_s2
[139/200] geo_knn4_n12_t50_s3
[140/200] geo_knn4_n12_t50_s4
[141/200] geo_knn4_n16_t25_s1
[142/200] geo_knn4_n16_t25_s0
[143/200] geo_knn4_n16_t25_s2
[144/200] geo_knn4_n16_t25_s3
[145/200] geo_knn4_n16_t25_s4
[146/200] geo_knn4_n16_t50_s0
[147/200] geo_knn4_n16_t50_s1
[148/200] geo_knn4_n16_t50_s2
[149/200] geo_knn4_n16_t50_s3
[150/200] geo_knn4_n16_t50_s4
[151/200] geo_knn4_n20_t25_s0
[152/200] geo_knn4_n20_t25_s1
[153/200] geo_knn4_n20_t25_s2
[154/200] geo_knn4_n20_t25_s3
[155/200] geo_knn4_n20_t50_s0
[156/200] geo_knn4_n20_t25_s4
[157/200] geo_knn4_n20_t50_s1
[158/200] geo_knn4_n20_t50_s2
[159/200] geo_knn4_n20_t50_s3
[160/200] grid_n8_t25_s0
[161/200] geo_knn4_n20_t50_s4
[162/200] grid_n8_t25_s3
[163/200] grid_n8_t25_s2
[164/200] grid_n8_t25_s1
[165/200] grid_n8_t25_s4
[166/200] grid_n8_t50_s0
[167/200] grid_n8_t50_s1
[168/200] grid_n8_t50_s2
[169/200] grid_n8_t50_s3
[170/200] grid_n8_t50_s4
[171/200] grid_n12_t25_s0
[172/200] grid_n12_t25_s1
[173/200] grid_n12_t25_s2
[174/200] grid_n12_t25_s3
[175/200] grid_n12_t25_s4
[176/200] grid_n12_t50_s0
[177/200] grid_n12_t50_s1
[178/200] grid_n12_t50_s2
[179/200] grid_n12_t50_s3
[180/200] grid_n12_t50_s4
[181/200] grid_n16_t25_s0
[182/200] grid_n16_t25_s1
[183/200] grid_n16_t25_s3
[184/200] grid_n16_t25_s2
[185/200] grid_n16_t25_s4
[186/200] grid_n16_t50_s0
[187/200] grid_n16_t50_s1
[188/200] grid_n16_t50_s2
[189/200] grid_n16_t50_s3
[190/200] grid_n16_t50_s4
[191/200] grid_n20_t25_s0
[192/200] grid_n20_t25_s1
[193/200] grid_n20_t25_s2
[194/200] grid_n20_t25_s3
[195/200] grid_n20_t25_s4
[196/200] grid_n20_t50_s0
[197/200] grid_n20_t50_s1
[198/200] grid_n20_t50_s2
[199/200] grid_n20_t50_s3
[200/200] grid_n20_t50_s4
SQA_DONE
