Set parameter Username
Set parameter LicenseID to value 2801207
Set parameter Username
Set parameter LicenseID to value 2801207
Academic license - for non-commercial use only - expires 2027-04-01
Set parameter Username
Set parameter LicenseID to value 2801207
Set parameter Username
Set parameter LicenseID to value 2801207
Academic license - for non-commercial use only - expires 2027-04-01
Academic license - for non-commercial use only - expires 2027-04-01
Academic license - for non-commercial use only - expires 2027-04-01
Set parameter Username
Set parameter LicenseID to value 2801207
Academic license - for non-commercial use only - expires 2027-04-01
[1/150] sparse_n24_t50_s0
[2/150] sparse_n24_t25_s2
[3/150] sparse_n24_t25_s4
[4/150] sparse_n24_t25_s3
[5/150] sparse_n24_t50_s1
Set parameter Username
Set parameter LicenseID to value 2801207
Academic license - for non-commercial use only - expires 2027-04-01
[6/150] sparse_n24_t25_s1
[7/150] sparse_n24_t25_s0
[8/150] sparse_n24_t50_s2
Set parameter Username
Set parameter LicenseID to value 2801207
Academic license - for non-commercial use only - expires 2027-04-01
[9/150] sparse_n24_t50_s4
[10/150] sparse_n24_t50_s3
[11/150] sparse_n32_t25_s2
[12/150] sparse_n32_t25_s1
[13/150] sparse_n32_t25_s0
[14/150] sparse_n32_t25_s3
[15/150] sparse_n32_t25_s4
[16/150] sparse_n32_t50_s1
[17/150] sparse_n32_t50_s0
[18/150] sparse_n32_t50_s3
[19/150] sparse_n32_t50_s2
[20/150] sparse_n32_t50_s4
[21/150] sparse_n40_t25_s0
[22/150] sparse_n40_t25_s1
[23/150] sparse_n40_t25_s3
[24/150] sparse_n40_t25_s2
[25/150] sparse_n40_t25_s4
[26/150] sparse_n40_t50_s1
[27/150] er30_n24_t25_s0
[28/150] sparse_n40_t50_s0
[29/150] sparse_n40_t50_s2
[30/150] er30_n24_t25_s1
[31/150] er30_n24_t25_s2
[32/150] er30_n24_t25_s3
[33/150] er30_n24_t25_s4
[34/150] sparse_n40_t50_s4
[35/150] er30_n24_t50_s0
[36/150] sparse_n40_t50_s3
[37/150] er30_n24_t50_s1
[38/150] er30_n24_t50_s3
[39/150] er30_n24_t50_s4
[40/150] er30_n24_t50_s2
[41/150] er30_n32_t25_s1
[42/150] er30_n32_t25_s2
[43/150] er30_n32_t25_s0
[44/150] er30_n32_t25_s3
[45/150] er30_n32_t25_s4
[46/150] er30_n32_t50_s0
[47/150] er30_n32_t50_s1
[48/150] er30_n32_t50_s2
[49/150] er30_n32_t50_s3
[50/150] er30_n32_t50_s4
[51/150] er30_n40_t25_s0
[52/150] er30_n40_t25_s1
[53/150] er30_n40_t25_s2
[54/150] er30_n40_t25_s3
[55/150] er30_n40_t25_s4
[56/150] er60_n24_t25_s0
[57/150] er30_n40_t50_s1
[58/150] er30_n40_t50_s3
[59/150] er30_n40_t50_s2
[60/150] er30_n40_t50_s0
[61/150] er30_n40_t50_s4
[62/150] er60_n24_t25_s1
[63/150] er60_n24_t25_s2
[64/150] er60_n24_t25_s3
[65/150] er60_n24_t25_s4
[66/150] er60_n24_t50_s0
[67/150] er60_n24_t50_s1
[68/150] er60_n24_t50_s2
[69/150] er60_n24_t50_s3
[70/150] er60_n24_t50_s4
[71/150] er60_n32_t25_s0
[72/150] er60_n32_t25_s1
[73/150] er60_n32_t25_s2
[74/150] er60_n32_t25_s3
[75/150] er60_n32_t25_s4
[76/150] er60_n32_t50_s0
[77/150] er60_n32_t50_s1
[78/150] er60_n32_t50_s2
[79/150] er60_n32_t50_s3
[80/150] er60_n32_t50_s4
[81/150] er60_n40_t25_s0
[82/150] er60_n40_t25_s1
[83/150] er60_n40_t25_s2
[84/150] er60_n40_t25_s3
[85/150] geo_knn4_n24_t25_s0
[86/150] geo_knn4_n24_t25_s1
[87/150] er60_n40_t25_s4
[88/150] geo_knn4_n24_t25_s2
[89/150] er60_n40_t50_s0
[90/150] er60_n40_t50_s1
[91/150] geo_knn4_n24_t25_s3
[92/150] geo_knn4_n24_t25_s4
[93/150] geo_knn4_n24_t50_s0
[94/150] geo_knn4_n24_t50_s2
[95/150] geo_knn4_n24_t50_s1
[96/150] geo_knn4_n24_t50_s3
[97/150] geo_knn4_n24_t50_s4
[98/150] er60_n40_t50_s3
[99/150] er60_n40_t50_s2
[100/150] geo_knn4_n32_t25_s1
[101/150] geo_knn4_n32_t25_s0
[102/150] geo_knn4_n32_t25_s2
[103/150] geo_knn4_n32_t25_s3
[104/150] geo_knn4_n32_t25_s4
[105/150] geo_knn4_n32_t50_s0
[106/150] geo_knn4_n32_t50_s1
[107/150] geo_knn4_n32_t50_s3
[108/150] geo_knn4_n32_t50_s2
[109/150] geo_knn4_n32_t50_s4
[110/150] geo_knn4_n40_t25_s0
[111/150] er60_n40_t50_s4
[112/150] geo_knn4_n40_t25_s1
[113/150] geo_knn4_n40_t25_s2
[114/150] geo_knn4_n40_t25_s3
[115/150] geo_knn4_n40_t25_s4
[116/150] geo_knn4_n40_t50_s0
[117/150] geo_knn4_n40_t50_s1
[118/150] grid_n24_t25_s0
[119/150] grid_n24_t25_s1
[120/150] grid_n24_t25_s2
[121/150] geo_knn4_n40_t50_s2
[122/150] grid_n24_t25_s3
[123/150] grid_n24_t25_s4
[124/150] grid_n24_t50_s0
[125/150] grid_n24_t50_s1
[126/150] grid_n24_t50_s2
[127/150] geo_knn4_n40_t50_s3
[128/150] grid_n24_t50_s3
[129/150] grid_n24_t50_s4
[130/150] geo_knn4_n40_t50_s4
[131/150] grid_n32_t25_s0
[132/150] grid_n32_t25_s1
[133/150] grid_n32_t25_s3
[134/150] grid_n32_t25_s2
[135/150] grid_n32_t25_s4
[136/150] grid_n32_t50_s0
[137/150] grid_n32_t50_s1
[138/150] grid_n32_t50_s2
[139/150] grid_n32_t50_s4
[140/150] grid_n32_t50_s3
[141/150] grid_n40_t25_s1
[142/150] grid_n40_t25_s0
[143/150] grid_n40_t25_s2
[144/150] grid_n40_t25_s3
[145/150] grid_n40_t25_s4
[146/150] grid_n40_t50_s0
[147/150] grid_n40_t50_s1
[148/150] grid_n40_t50_s3
[149/150] grid_n40_t50_s2
[150/150] grid_n40_t50_s4
LARGE_DONE
