ladder_8_0       big_m        nv= 120 feas=  0 opt=  0 zero=  0 sec=0.45
ladder_8_0       fowler       nv=  39 feas= 95 opt= 86 zero= 95 sec=0.14
ladder_8_0       full_order_p nv=  45 feas= 92 opt= 55 zero= 92 sec=0.15
ladder_8_0       full_order_local nv=  39 feas= 99 opt= 90 zero= 99 sec=0.14
ladder_8_0       chordal      nv=  34 feas= 99 opt= 54 zero= 99 sec=0.17
ladder_8_0       chordal_fowler nv=  28 feas= 99 opt= 79 zero= 99 sec=0.09
ladder_8_0       chordal_local nv=  28 feas= 99 opt= 79 zero= 99 sec=0.09
ladder_8_0       binary_order nv=  93 feas= 42 opt= 20 zero= 41 sec=0.27
ladder_8_0       circuit      nv= 153 feas= 11 opt=  8 zero=  8 sec=0.51
ladder_8_0       domain_wall  nv= 169 feas=  1 opt=  1 zero=  1 sec=0.38
ladder_8_1       big_m        nv= 120 feas=  2 opt=  1 zero=  0 sec=0.40
ladder_8_1       fowler       nv=  39 feas= 67 opt= 67 zero= 67 sec=0.13
ladder_8_1       full_order_p nv=  45 feas= 66 opt= 65 zero= 66 sec=0.14
ladder_8_1       full_order_local nv=  39 feas= 67 opt= 67 zero= 67 sec=0.13
ladder_8_1       chordal      nv=  34 feas= 72 opt= 71 zero= 72 sec=0.16
ladder_8_1       chordal_fowler nv=  28 feas= 66 opt= 65 zero= 66 sec=0.08
ladder_8_1       chordal_local nv=  28 feas= 67 opt= 67 zero= 67 sec=0.08
ladder_8_1       binary_order nv=  93 feas= 63 opt= 62 zero= 59 sec=0.27
ladder_8_1       circuit      nv= 153 feas= 67 opt= 65 zero= 46 sec=0.44
ladder_8_1       domain_wall  nv= 169 feas= 82 opt= 82 zero= 82 sec=0.45
ladder_8_2       big_m        nv= 120 feas=  0 opt=  0 zero=  0 sec=0.41
ladder_8_2       fowler       nv=  39 feas= 22 opt= 13 zero= 22 sec=0.13
ladder_8_2       full_order_p nv=  45 feas= 18 opt=  7 zero= 18 sec=0.15
ladder_8_2       full_order_local nv=  39 feas= 16 opt= 12 zero= 16 sec=0.21
ladder_8_2       chordal      nv=  34 feas= 32 opt= 14 zero= 32 sec=0.10
ladder_8_2       chordal_fowler nv=  28 feas= 29 opt= 23 zero= 29 sec=0.09
ladder_8_2       chordal_local nv=  28 feas= 21 opt= 14 zero= 21 sec=0.09
ladder_8_2       binary_order nv=  93 feas= 24 opt= 14 zero= 23 sec=0.28
ladder_8_2       circuit      nv= 153 feas=  4 opt=  3 zero=  3 sec=0.52
ladder_8_2       domain_wall  nv= 169 feas=  0 opt=  0 zero=  0 sec=0.38
ladder_12_0      big_m        nv= 236 feas=  0 opt=  0 zero=  0 sec=0.85
ladder_12_0      fowler       nv=  85 feas= 57 opt= 37 zero= 57 sec=0.33
ladder_12_0      full_order_p nv=  93 feas= 73 opt= 35 zero= 73 sec=0.32
ladder_12_0      full_order_local nv=  85 feas= 53 opt= 37 zero= 53 sec=0.31
ladder_12_0      chordal      nv=  56 feas= 94 opt= 36 zero= 94 sec=0.16
ladder_12_0      chordal_fowler nv=  48 feas= 75 opt= 53 zero= 75 sec=0.22
ladder_12_0      chordal_local nv=  48 feas= 87 opt= 57 zero= 87 sec=0.15
ladder_12_0      binary_order nv= 194 feas= 19 opt=  9 zero= 15 sec=0.57
ladder_12_0      circuit      nv= 322 feas=  4 opt=  0 zero=  2 sec=1.01
ladder_12_0      domain_wall  nv= 439 feas=  0 opt=  0 zero=  0 sec=1.00
ladder_12_1      big_m        nv= 236 feas=  0 opt=  0 zero=  0 sec=0.91
ladder_12_1      fowler       nv=  85 feas= 26 opt=  3 zero= 26 sec=0.37
ladder_12_1      full_order_p nv=  93 feas= 23 opt=  2 zero= 23 sec=0.30
ladder_12_1      full_order_local nv=  85 feas= 30 opt=  5 zero= 30 sec=0.29
ladder_12_1      chordal      nv=  56 feas= 80 opt= 10 zero= 80 sec=0.16
ladder_12_1      chordal_fowler nv=  48 feas= 90 opt= 18 zero= 90 sec=0.15
ladder_12_1      chordal_local nv=  48 feas= 91 opt= 16 zero= 91 sec=0.15
ladder_12_1      binary_order nv= 194 feas=  8 opt=  1 zero=  4 sec=0.61
ladder_12_1      circuit      nv= 322 feas=  1 opt=  1 zero=  0 sec=0.99
ladder_12_1      domain_wall  nv= 439 feas=  0 opt=  0 zero=  0 sec=0.90
ladder_12_2      big_m        nv= 236 feas=  0 opt=  0 zero=  0 sec=0.88
ladder_12_2      fowler       nv=  85 feas= 34 opt= 12 zero= 34 sec=0.30
ladder_12_2      full_order_p nv=  93 feas= 46 opt= 13 zero= 46 sec=0.30
ladder_12_2      full_order_local nv=  85 feas= 41 opt=  9 zero= 41 sec=0.29
ladder_12_2      chordal      nv=  56 feas= 81 opt= 21 zero= 81 sec=0.16
ladder_12_2      chordal_fowler nv=  48 feas= 71 opt= 18 zero= 71 sec=0.15
ladder_12_2      chordal_local nv=  48 feas= 75 opt= 20 zero= 75 sec=0.14
ladder_12_2      binary_order nv= 194 feas= 12 opt=  2 zero=  8 sec=0.55
ladder_12_2      circuit      nv= 322 feas=  2 opt=  0 zero=  0 sec=0.92
ladder_12_2      domain_wall  nv= 439 feas=  0 opt=  0 zero=  0 sec=0.96
ladder_16_0      big_m        nv= 327 feas=  0 opt=  0 zero=  0 sec=1.15
ladder_16_0      fowler       nv= 147 feas=  6 opt=  4 zero=  6 sec=0.49
ladder_16_0      full_order_p nv= 158 feas=  6 opt=  1 zero=  6 sec=0.55
ladder_16_0      full_order_local nv= 147 feas=  7 opt=  3 zero=  7 sec=0.46
ladder_16_0      chordal      nv=  79 feas= 85 opt=  9 zero= 85 sec=0.23
ladder_16_0      chordal_fowler nv=  68 feas= 73 opt= 26 zero= 73 sec=0.18
ladder_16_0      chordal_local nv=  68 feas= 76 opt= 43 zero= 76 sec=0.18
ladder_16_0      binary_order nv= 273 feas=  0 opt=  0 zero=  0 sec=0.77
ladder_16_0      circuit      nv= 449 feas=  0 opt=  0 zero=  0 sec=1.28
ladder_16_0      domain_wall  nv= 838 feas=  0 opt=  0 zero=  0 sec=1.68
ladder_16_1      big_m        nv= 327 feas=  0 opt=  0 zero=  0 sec=1.15
ladder_16_1      fowler       nv= 147 feas=  0 opt=  0 zero=  0 sec=0.54
ladder_16_1      full_order_p nv= 158 feas=  1 opt=  0 zero=  1 sec=0.55
ladder_16_1      full_order_local nv= 147 feas=  2 opt=  0 zero=  2 sec=0.50
ladder_16_1      chordal      nv=  79 feas= 44 opt=  0 zero= 44 sec=0.22
ladder_16_1      chordal_fowler nv=  68 feas= 39 opt=  0 zero= 39 sec=0.21
ladder_16_1      chordal_local nv=  68 feas= 43 opt=  1 zero= 43 sec=0.20
ladder_16_1      binary_order nv= 273 feas=  1 opt=  0 zero=  0 sec=0.77
ladder_16_1      circuit      nv= 449 feas=  0 opt=  0 zero=  0 sec=1.28
ladder_16_1      domain_wall  nv= 838 feas=  0 opt=  0 zero=  0 sec=1.67
ladder_16_2      big_m        nv= 327 feas=  0 opt=  0 zero=  0 sec=1.16
ladder_16_2      fowler       nv= 147 feas=  6 opt=  0 zero=  5 sec=0.58
ladder_16_2      full_order_p nv= 158 feas=  9 opt=  0 zero=  9 sec=0.55
ladder_16_2      full_order_local nv= 147 feas= 10 opt=  0 zero= 10 sec=0.54
ladder_16_2      chordal      nv=  79 feas= 76 opt=  0 zero= 76 sec=0.22
ladder_16_2      chordal_fowler nv=  68 feas= 55 opt=  1 zero= 55 sec=0.22
ladder_16_2      chordal_local nv=  68 feas= 60 opt=  1 zero= 60 sec=0.22
ladder_16_2      binary_order nv= 273 feas=  2 opt=  0 zero=  1 sec=0.78
ladder_16_2      circuit      nv= 449 feas=  0 opt=  0 zero=  0 sec=1.28
ladder_16_2      domain_wall  nv= 838 feas=  0 opt=  0 zero=  0 sec=1.68
regular3_8_0     big_m        nv= 135 feas=  3 opt=  0 zero=  1 sec=0.44
regular3_8_0     fowler       nv=  42 feas= 47 opt= 47 zero= 47 sec=0.14
regular3_8_0     full_order_p nv=  48 feas= 40 opt= 39 zero= 40 sec=0.15
regular3_8_0     full_order_local nv=  42 feas= 53 opt= 53 zero= 53 sec=0.13
regular3_8_0     chordal      nv=  39 feas= 55 opt= 55 zero= 55 sec=0.11
regular3_8_0     chordal_fowler nv=  33 feas= 63 opt= 63 zero= 63 sec=0.10
regular3_8_0     chordal_local nv=  33 feas= 56 opt= 56 zero= 56 sec=0.10
regular3_8_0     binary_order nv= 102 feas= 46 opt= 45 zero= 43 sec=0.30
regular3_8_0     circuit      nv= 174 feas= 21 opt= 21 zero= 10 sec=0.49
regular3_8_0     domain_wall  nv= 184 feas=  1 opt=  1 zero=  1 sec=0.40
regular3_8_1     big_m        nv= 135 feas=  2 opt=  0 zero=  0 sec=0.45
regular3_8_1     fowler       nv=  42 feas= 38 opt= 30 zero= 38 sec=0.14
regular3_8_1     full_order_p nv=  48 feas= 31 opt= 23 zero= 31 sec=0.15
regular3_8_1     full_order_local nv=  42 feas= 36 opt= 31 zero= 36 sec=0.14
regular3_8_1     chordal      nv=  39 feas= 36 opt= 20 zero= 36 sec=0.11
regular3_8_1     chordal_fowler nv=  33 feas= 35 opt= 28 zero= 35 sec=0.10
regular3_8_1     chordal_local nv=  33 feas= 38 opt= 28 zero= 38 sec=0.10
regular3_8_1     binary_order nv= 102 feas= 26 opt= 17 zero= 24 sec=0.29
regular3_8_1     circuit      nv= 174 feas= 13 opt= 10 zero= 11 sec=0.50
regular3_8_1     domain_wall  nv= 184 feas=  1 opt=  1 zero=  1 sec=0.39
regular3_8_2     big_m        nv= 135 feas=  1 opt=  0 zero=  0 sec=0.45
regular3_8_2     fowler       nv=  42 feas= 48 opt= 48 zero= 48 sec=0.14
regular3_8_2     full_order_p nv=  48 feas= 49 opt= 40 zero= 49 sec=0.15
regular3_8_2     full_order_local nv=  42 feas= 60 opt= 60 zero= 60 sec=0.14
regular3_8_2     chordal      nv=  38 feas= 53 opt= 49 zero= 53 sec=0.11
regular3_8_2     chordal_fowler nv=  32 feas= 44 opt= 44 zero= 44 sec=0.10
regular3_8_2     chordal_local nv=  32 feas= 43 opt= 43 zero= 43 sec=0.09
regular3_8_2     binary_order nv= 102 feas= 42 opt= 37 zero= 38 sec=0.29
regular3_8_2     circuit      nv= 174 feas= 29 opt= 27 zero= 13 sec=0.50
regular3_8_2     domain_wall  nv= 184 feas=  1 opt=  1 zero=  1 sec=0.39
regular3_12_0    big_m        nv= 254 feas=  0 opt=  0 zero=  0 sec=0.90
regular3_12_0    fowler       nv=  88 feas= 99 opt= 59 zero= 99 sec=0.31
regular3_12_0    full_order_p nv=  96 feas=100 opt= 14 zero=100 sec=0.31
regular3_12_0    full_order_local nv=  88 feas=100 opt= 69 zero=100 sec=0.29
regular3_12_0    chordal      nv=  65 feas=100 opt= 13 zero=100 sec=0.19
regular3_12_0    chordal_fowler nv=  57 feas=100 opt= 65 zero=100 sec=0.18
regular3_12_0    chordal_local nv=  57 feas=100 opt= 60 zero=100 sec=0.18
regular3_12_0    binary_order nv= 205 feas= 88 opt= 26 zero= 64 sec=0.58
regular3_12_0    circuit      nv= 349 feas= 70 opt= 13 zero= 23 sec=1.00
regular3_12_0    domain_wall  nv= 462 feas=  4 opt=  4 zero=  4 sec=0.93
regular3_12_1    big_m        nv= 254 feas=  0 opt=  0 zero=  0 sec=0.90
regular3_12_1    fowler       nv=  88 feas=100 opt= 98 zero=100 sec=0.31
regular3_12_1    full_order_p nv=  96 feas=100 opt= 94 zero=100 sec=0.31
regular3_12_1    full_order_local nv=  88 feas=100 opt=100 zero=100 sec=0.29
regular3_12_1    chordal      nv=  63 feas=100 opt= 97 zero=100 sec=0.18
regular3_12_1    chordal_fowler nv=  55 feas= 99 opt= 98 zero= 99 sec=0.17
regular3_12_1    chordal_local nv=  55 feas=100 opt= 98 zero=100 sec=0.17
regular3_12_1    binary_order nv= 205 feas= 70 opt= 58 zero= 59 sec=0.58
regular3_12_1    circuit      nv= 349 feas= 32 opt= 23 zero=  6 sec=1.00
regular3_12_1    domain_wall  nv= 462 feas=  0 opt=  0 zero=  0 sec=0.93
regular3_12_2    big_m        nv= 254 feas=  0 opt=  0 zero=  0 sec=0.90
regular3_12_2    fowler       nv=  88 feas= 38 opt=  5 zero= 38 sec=0.31
regular3_12_2    full_order_p nv=  96 feas= 52 opt=  1 zero= 52 sec=0.31
regular3_12_2    full_order_local nv=  88 feas= 34 opt=  1 zero= 34 sec=0.30
regular3_12_2    chordal      nv=  62 feas= 92 opt=  2 zero= 92 sec=0.19
regular3_12_2    chordal_fowler nv=  54 feas= 64 opt=  5 zero= 64 sec=0.18
regular3_12_2    chordal_local nv=  54 feas= 75 opt=  1 zero= 75 sec=0.17
regular3_12_2    binary_order nv= 205 feas=  6 opt=  0 zero=  3 sec=0.58
regular3_12_2    circuit      nv= 349 feas=  2 opt=  0 zero=  0 sec=1.00
regular3_12_2    domain_wall  nv= 462 feas=  0 opt=  0 zero=  0 sec=0.93
regular3_16_0    big_m        nv= 345 feas=  0 opt=  0 zero=  0 sec=1.21
regular3_16_0    fowler       nv= 150 feas= 95 opt= 45 zero= 95 sec=0.58
regular3_16_0    full_order_p nv= 161 feas= 97 opt=  7 zero= 97 sec=0.56
regular3_16_0    full_order_local nv= 150 feas= 99 opt= 55 zero= 99 sec=0.54
regular3_16_0    chordal      nv=  92 feas=100 opt= 10 zero=100 sec=0.26
regular3_16_0    chordal_fowler nv=  81 feas= 99 opt= 33 zero= 99 sec=0.26
regular3_16_0    chordal_local nv=  81 feas= 98 opt= 27 zero= 98 sec=0.25
regular3_16_0    binary_order nv= 284 feas= 33 opt=  4 zero= 20 sec=0.80
regular3_16_0    circuit      nv= 476 feas= 14 opt=  5 zero=  2 sec=1.35
regular3_16_0    domain_wall  nv= 869 feas=  0 opt=  0 zero=  0 sec=1.74
regular3_16_1    big_m        nv= 345 feas=  0 opt=  0 zero=  0 sec=1.23
regular3_16_1    fowler       nv= 150 feas= 47 opt= 25 zero= 47 sec=0.58
regular3_16_1    full_order_p nv= 161 feas= 52 opt= 18 zero= 52 sec=0.56
regular3_16_1    full_order_local nv= 150 feas= 49 opt= 31 zero= 49 sec=0.54
regular3_16_1    chordal      nv=  93 feas= 80 opt= 27 zero= 80 sec=0.27
regular3_16_1    chordal_fowler nv=  82 feas= 65 opt= 37 zero= 65 sec=0.26
regular3_16_1    chordal_local nv=  82 feas= 82 opt= 52 zero= 82 sec=0.26
regular3_16_1    binary_order nv= 284 feas=  9 opt=  2 zero=  6 sec=0.80
regular3_16_1    circuit      nv= 476 feas=  2 opt=  1 zero=  0 sec=1.51
regular3_16_1    domain_wall  nv= 869 feas=  0 opt=  0 zero=  0 sec=1.74
regular3_16_2    big_m        nv= 345 feas=  0 opt=  0 zero=  0 sec=1.22
regular3_16_2    fowler       nv= 150 feas= 35 opt=  0 zero= 35 sec=0.58
regular3_16_2    full_order_p nv= 161 feas= 59 opt=  0 zero= 59 sec=0.56
regular3_16_2    full_order_local nv= 150 feas= 50 opt=  0 zero= 50 sec=0.54
regular3_16_2    chordal      nv=  91 feas= 91 opt=  0 zero= 91 sec=0.26
regular3_16_2    chordal_fowler nv=  80 feas= 72 opt=  0 zero= 72 sec=0.26
regular3_16_2    chordal_local nv=  80 feas= 76 opt=  0 zero= 76 sec=0.26
regular3_16_2    binary_order nv= 284 feas= 11 opt=  0 zero=  4 sec=0.80
regular3_16_2    circuit      nv= 476 feas=  1 opt=  0 zero=  1 sec=1.36
regular3_16_2    domain_wall  nv= 869 feas=  0 opt=  0 zero=  0 sec=1.72
big_m {'instances_solved': 1, 'feasible_rate': 0.0044444444444444444, 'optimal_rate': 0.0005555555555555556, 'zero_penalty_rate': 0.0005555555555555556}
fowler {'instances_solved': 15, 'feasible_rate': 0.4777777777777778, 'optimal_rate': 0.32166666666666666, 'zero_penalty_rate': 0.4772222222222222}
full_order_p {'instances_solved': 15, 'feasible_rate': 0.5077777777777778, 'optimal_rate': 0.23, 'zero_penalty_rate': 0.5077777777777778}
full_order_local {'instances_solved': 15, 'feasible_rate': 0.5033333333333333, 'optimal_rate': 0.3461111111111111, 'zero_penalty_rate': 0.5033333333333333}
chordal {'instances_solved': 15, 'feasible_rate': 0.7611111111111111, 'optimal_rate': 0.27111111111111114, 'zero_penalty_rate': 0.7611111111111111}
chordal_fowler {'instances_solved': 16, 'feasible_rate': 0.6877777777777778, 'optimal_rate': 0.36444444444444446, 'zero_penalty_rate': 0.6877777777777778}
chordal_local {'instances_solved': 17, 'feasible_rate': 0.715, 'optimal_rate': 0.36833333333333335, 'zero_penalty_rate': 0.715}
binary_order {'instances_solved': 13, 'feasible_rate': 0.2788888888888889, 'optimal_rate': 0.165, 'zero_penalty_rate': 0.2288888888888889}
circuit {'instances_solved': 11, 'feasible_rate': 0.15166666666666667, 'optimal_rate': 0.09833333333333333, 'zero_penalty_rate': 0.06944444444444445}
domain_wall {'instances_solved': 6, 'feasible_rate': 0.05, 'optimal_rate': 0.05, 'zero_penalty_rate': 0.05}
