[1/48] b13 chordal_local neal feas=37 opt=0 best=176.0 (opt 165) 9s
[2/48] b13 chordal_fowler neal feas=39 opt=0 best=176.0 (opt 165) 10s
[3/48] b13 chordal_fowler openjij_sa feas=62 opt=0 best=207.0 (opt 165) 12s
[4/48] b13 chordal_local openjij_sa feas=67 opt=0 best=205.0 (opt 165) 10s
[5/48] b13 fowler openjij_sa feas=0 opt=0 best=None (opt 165) 296s
[6/48] b14 full_order_local neal feas=0 opt=0 best=None (opt 235) 281s
[7/48] b14 fowler openjij_sa feas=0 opt=0 best=None (opt 235) 291s
[8/48] b14 chordal_fowler neal feas=5 opt=0 best=259.0 (opt 235) 5s
[9/48] b13 full_order_local openjij_sa feas=13 opt=0 best=264.0 (opt 165) 299s
[10/48] b14 chordal_fowler openjij_sa feas=11 opt=0 best=289.0 (opt 235) 5s
[11/48] b13 full_order_local neal feas=0 opt=0 best=None (opt 165) 301s
[12/48] b14 chordal_local neal feas=3 opt=0 best=271.0 (opt 235) 4s
[13/48] b14 chordal_local openjij_sa feas=12 opt=0 best=324.0 (opt 235) 6s
[14/48] b14 fowler neal feas=0 opt=0 best=None (opt 235) 404s
[15/48] b15 chordal_fowler neal feas=23 opt=0 best=361.0 (opt 318) 6s
[16/48] b15 chordal_fowler openjij_sa feas=18 opt=0 best=380.0 (opt 318) 6s
[17/48] b13 fowler neal feas=4 opt=0 best=193.0 (opt 165) 434s
[18/48] b15 chordal_local neal feas=28 opt=0 best=354.0 (opt 318) 8s
[19/48] b15 chordal_local openjij_sa feas=50 opt=0 best=363.0 (opt 318) 6s
[20/48] b15 full_order_local neal feas=0 opt=0 best=None (opt 318) 232s
[21/48] b14 full_order_local openjij_sa feas=0 opt=0 best=None (opt 235) 251s
[22/48] b15 fowler openjij_sa feas=0 opt=0 best=None (opt 318) 242s
[23/48] b15 full_order_local openjij_sa feas=0 opt=0 best=None (opt 318) 250s
[24/48] b16 chordal_fowler neal feas=16 opt=0 best=202.0 (opt 127) 18s
[25/48] b16 chordal_fowler openjij_sa feas=38 opt=0 best=220.0 (opt 127) 25s
[26/48] b16 chordal_local neal feas=19 opt=0 best=204.0 (opt 127) 31s
[27/48] b16 chordal_local openjij_sa feas=34 opt=0 best=278.0 (opt 127) 27s
[28/48] b15 fowler neal feas=0 opt=0 best=None (opt 318) 371s
[29/48] b16 fowler openjij_sa feas=0 opt=0 best=None (opt 127) 263s
[30/48] b16 full_order_local openjij_sa feas=1 opt=0 best=303.0 (opt 127) 260s
[31/48] b17 chordal_fowler neal feas=12 opt=0 best=208.0 (opt 131) 13s
[32/48] b16 full_order_local neal feas=0 opt=0 best=None (opt 127) 288s
[33/48] b17 chordal_fowler openjij_sa feas=18 opt=0 best=209.0 (opt 131) 13s
[34/48] b17 fowler openjij_sa feas=5 opt=0 best=223.0 (opt 131) 231s
[35/48] b17 chordal_local neal feas=14 opt=0 best=196.0 (opt 131) 17s
[36/48] b17 chordal_local openjij_sa feas=33 opt=0 best=204.0 (opt 131) 19s
[37/48] b16 fowler neal feas=0 opt=0 best=None (opt 127) 461s
[38/48] b17 full_order_local neal feas=3 opt=0 best=197.0 (opt 131) 252s
[39/48] b17 full_order_local openjij_sa feas=8 opt=0 best=266.0 (opt 131) 235s
[40/48] b18 chordal_fowler neal feas=74 opt=0 best=321.0 (opt 218) 18s
[41/48] b18 chordal_fowler openjij_sa feas=48 opt=0 best=355.0 (opt 218) 16s
[42/48] b18 chordal_local neal feas=78 opt=0 best=322.0 (opt 218) 11s
[43/48] b17 fowler neal feas=1 opt=0 best=233.0 (opt 131) 363s
[44/48] b18 chordal_local openjij_sa feas=89 opt=0 best=356.0 (opt 218) 11s
[45/48] b18 fowler openjij_sa feas=9 opt=0 best=335.0 (opt 218) 206s
[46/48] b18 full_order_local neal feas=9 opt=0 best=341.0 (opt 218) 215s
[47/48] b18 full_order_local openjij_sa feas=38 opt=0 best=394.0 (opt 218) 192s
[48/48] b18 fowler neal feas=13 opt=0 best=345.0 (opt 218) 256s
STEINLIB_B_DONE
