[1/96] b01 fowler neal feas=11 opt=0 best=86.0 (opt 82) 36s
[2/96] b01 fowler openjij_sa feas=7 opt=0 best=91.0 (opt 82) 30s
[3/96] b01 full_order_local neal feas=20 opt=0 best=83.0 (opt 82) 25s
[4/96] b01 full_order_local openjij_sa feas=47 opt=0 best=90.0 (opt 82) 28s
[5/96] b01 chordal_fowler neal feas=42 opt=0 best=84.0 (opt 82) 2s
[6/96] b01 chordal_fowler openjij_sa feas=79 opt=0 best=84.0 (opt 82) 2s
[7/96] b01 chordal_local neal feas=53 opt=1 best=82.0 (opt 82) 2s
[8/96] b01 chordal_local openjij_sa feas=71 opt=0 best=86.0 (opt 82) 2s
[9/96] b02 fowler neal feas=9 opt=0 best=92.0 (opt 83) 35s
[10/96] b02 fowler openjij_sa feas=14 opt=0 best=95.0 (opt 83) 28s
[11/96] b02 full_order_local neal feas=12 opt=0 best=94.0 (opt 83) 27s
[12/96] b02 full_order_local openjij_sa feas=26 opt=0 best=88.0 (opt 83) 27s
[13/96] b02 chordal_fowler neal feas=59 opt=0 best=86.0 (opt 83) 2s
[14/96] b02 chordal_fowler openjij_sa feas=78 opt=0 best=89.0 (opt 83) 2s
[15/96] b02 chordal_local neal feas=60 opt=0 best=91.0 (opt 83) 2s
[16/96] b02 chordal_local openjij_sa feas=76 opt=0 best=95.0 (opt 83) 2s
[17/96] b03 fowler neal feas=34 opt=0 best=152.0 (opt 138) 28s
[18/96] b03 fowler openjij_sa feas=22 opt=0 best=157.0 (opt 138) 27s
[19/96] b03 full_order_local neal feas=38 opt=0 best=150.0 (opt 138) 22s
[20/96] b03 full_order_local openjij_sa feas=49 opt=0 best=150.0 (opt 138) 29s
[21/96] b03 chordal_fowler neal feas=56 opt=0 best=151.0 (opt 138) 2s
[22/96] b03 chordal_fowler openjij_sa feas=69 opt=0 best=156.0 (opt 138) 2s
[23/96] b03 chordal_local neal feas=53 opt=0 best=149.0 (opt 138) 2s
[24/96] b03 chordal_local openjij_sa feas=66 opt=0 best=167.0 (opt 138) 2s
[25/96] b04 fowler neal feas=52 opt=0 best=69.0 (opt 59) 35s
[26/96] b04 fowler openjij_sa feas=49 opt=0 best=71.0 (opt 59) 29s
[27/96] b04 full_order_local neal feas=45 opt=0 best=77.0 (opt 59) 28s
[28/96] b04 full_order_local openjij_sa feas=79 opt=0 best=80.0 (opt 59) 28s
[29/96] b04 chordal_fowler neal feas=85 opt=0 best=68.0 (opt 59) 4s
[30/96] b04 chordal_fowler openjij_sa feas=92 opt=0 best=74.0 (opt 59) 4s
[31/96] b04 chordal_local neal feas=89 opt=0 best=71.0 (opt 59) 4s
[32/96] b04 chordal_local openjij_sa feas=96 opt=0 best=75.0 (opt 59) 4s
[33/96] b05 fowler neal feas=52 opt=0 best=74.0 (opt 61) 39s
[34/96] b05 fowler openjij_sa feas=35 opt=0 best=83.0 (opt 61) 29s
[35/96] b05 full_order_local neal feas=56 opt=0 best=71.0 (opt 61) 32s
[36/96] b05 full_order_local openjij_sa feas=82 opt=0 best=81.0 (opt 61) 29s
[37/96] b05 chordal_fowler neal feas=83 opt=0 best=73.0 (opt 61) 5s
[38/96] b05 chordal_fowler openjij_sa feas=92 opt=0 best=77.0 (opt 61) 4s
[39/96] b05 chordal_local neal feas=79 opt=0 best=72.0 (opt 61) 5s
[40/96] b05 chordal_local openjij_sa feas=94 opt=0 best=75.0 (opt 61) 4s
[41/96] b06 fowler neal feas=28 opt=0 best=165.0 (opt 122) 34s
[42/96] b06 fowler openjij_sa feas=32 opt=0 best=179.0 (opt 122) 28s
[43/96] b06 full_order_local neal feas=30 opt=0 best=163.0 (opt 122) 29s
[44/96] b06 full_order_local openjij_sa feas=40 opt=0 best=181.0 (opt 122) 28s
[45/96] b06 chordal_fowler neal feas=67 opt=0 best=162.0 (opt 122) 4s
[46/96] b06 chordal_fowler openjij_sa feas=85 opt=0 best=176.0 (opt 122) 4s
[47/96] b06 chordal_local neal feas=81 opt=0 best=164.0 (opt 122) 4s
[48/96] b06 chordal_local openjij_sa feas=84 opt=0 best=171.0 (opt 122) 4s
[49/96] b07 fowler neal feas=1 opt=0 best=134.0 (opt 111) 100s
[50/96] b07 fowler openjij_sa feas=0 opt=0 best=None (opt 111) 85s
[51/96] b07 full_order_local neal feas=0 opt=0 best=None (opt 111) 76s
[52/96] b07 full_order_local openjij_sa feas=8 opt=0 best=157.0 (opt 111) 87s
[53/96] b07 chordal_fowler neal feas=15 opt=0 best=112.0 (opt 111) 3s
[54/96] b07 chordal_fowler openjij_sa feas=28 opt=0 best=131.0 (opt 111) 4s
[55/96] b07 chordal_local neal feas=13 opt=0 best=133.0 (opt 111) 3s
[56/96] b07 chordal_local openjij_sa feas=7 opt=0 best=131.0 (opt 111) 3s
[57/96] b08 fowler neal feas=1 opt=0 best=127.0 (opt 104) 108s
[58/96] b08 fowler openjij_sa feas=1 opt=0 best=141.0 (opt 104) 86s
[59/96] b08 full_order_local neal feas=3 opt=0 best=119.0 (opt 104) 76s
[60/96] b08 full_order_local openjij_sa feas=5 opt=0 best=125.0 (opt 104) 87s
[61/96] b08 chordal_fowler neal feas=33 opt=0 best=112.0 (opt 104) 3s
[62/96] b08 chordal_fowler openjij_sa feas=55 opt=0 best=125.0 (opt 104) 3s
[63/96] b08 chordal_local neal feas=44 opt=0 best=117.0 (opt 104) 3s
[64/96] b08 chordal_local openjij_sa feas=59 opt=0 best=128.0 (opt 104) 4s
[65/96] b09 fowler neal feas=6 opt=0 best=244.0 (opt 220) 90s
[66/96] b09 fowler openjij_sa feas=5 opt=0 best=258.0 (opt 220) 90s
[67/96] b09 full_order_local neal feas=9 opt=0 best=242.0 (opt 220) 70s
[68/96] b09 full_order_local openjij_sa feas=14 opt=0 best=243.0 (opt 220) 90s
[69/96] b09 chordal_fowler neal feas=50 opt=0 best=247.0 (opt 220) 3s
[70/96] b09 chordal_fowler openjij_sa feas=65 opt=0 best=261.0 (opt 220) 4s
[71/96] b09 chordal_local neal feas=52 opt=0 best=235.0 (opt 220) 3s
[72/96] b09 chordal_local openjij_sa feas=76 opt=0 best=268.0 (opt 220) 4s
[73/96] b10 fowler neal feas=23 opt=0 best=120.0 (opt 86) 129s
[74/96] b10 fowler openjij_sa feas=15 opt=0 best=122.0 (opt 86) 85s
[75/96] b10 full_order_local neal feas=20 opt=0 best=117.0 (opt 86) 89s
[76/96] b10 full_order_local openjij_sa feas=36 opt=0 best=151.0 (opt 86) 86s
[77/96] b10 chordal_fowler neal feas=60 opt=0 best=122.0 (opt 86) 10s
[78/96] b10 chordal_fowler openjij_sa feas=67 opt=0 best=128.0 (opt 86) 8s
[79/96] b10 chordal_local neal feas=56 opt=0 best=110.0 (opt 86) 9s
[80/96] b10 chordal_local openjij_sa feas=74 opt=0 best=132.0 (opt 86) 8s
[81/96] b11 fowler neal feas=7 opt=0 best=122.0 (opt 88) 113s
[82/96] b11 fowler openjij_sa feas=8 opt=0 best=125.0 (opt 88) 86s
[83/96] b11 full_order_local neal feas=10 opt=0 best=130.0 (opt 88) 75s
[84/96] b11 full_order_local openjij_sa feas=21 opt=0 best=200.0 (opt 88) 85s
[85/96] b11 chordal_fowler neal feas=40 opt=0 best=116.0 (opt 88) 10s
[86/96] b11 chordal_fowler openjij_sa feas=60 opt=0 best=158.0 (opt 88) 9s
[87/96] b11 chordal_local neal feas=40 opt=0 best=131.0 (opt 88) 9s
[88/96] b11 chordal_local openjij_sa feas=57 opt=0 best=166.0 (opt 88) 9s
[89/96] b12 fowler neal feas=19 opt=0 best=246.0 (opt 174) 101s
[90/96] b12 fowler openjij_sa feas=26 opt=0 best=250.0 (opt 174) 87s
[91/96] b12 full_order_local neal feas=33 opt=0 best=240.0 (opt 174) 70s
[92/96] b12 full_order_local openjij_sa feas=28 opt=0 best=300.0 (opt 174) 87s
[93/96] b12 chordal_fowler neal feas=79 opt=0 best=240.0 (opt 174) 8s
[94/96] b12 chordal_fowler openjij_sa feas=80 opt=0 best=271.0 (opt 174) 8s
[95/96] b12 chordal_local neal feas=74 opt=0 best=250.0 (opt 174) 7s
[96/96] b12 chordal_local openjij_sa feas=80 opt=0 best=285.0 (opt 174) 8s
STEINLIB_A_DONE
